{
  "Schema": null,
  "DataSource": {
    "DatabaseType": "MSSQL",
    "ConnectionString": "testconnectionstring",
    "Options": {
      "set-session-context": {
        "ValueKind": "True"
      }
    },
    "DatabaseTypeNotSupportedMessage": "The provided database-type value: MSSQL is currently not supported. Please check the configuration file."
  },
  "Runtime": {
    "Rest": {
      "Enabled": true,
      "Path": "/api"
    },
    "GraphQL": {
      "Enabled": true,
      "Path": "/graphql",
      "AllowIntrospection": true
    },
    "Host": {
      "Cors": {
        "Origins": [],
        "AllowCredentials": false
      },
      "Authentication": {
        "Provider": "StaticWebApps",
        "Jwt": null
      },
      "Mode": "Development"
    }
  },
  "Entities": [
    {
      "Key": "FirstEntity",
      "Value": {
        "Source": {
          "Object": "MyTable",
          "Type": "Table",
          "Parameters": null,
          "KeyFields": null
        },
        "GraphQL": {
          "Singular": "FirstEntity",
          "Plural": "FirstEntities",
          "Enabled": false,
          "Operation": null
        },
        "Rest": {
          "Methods": [],
          "Path": null,
          "Enabled": false
        },
        "Permissions": [
          {
            "Role": "anonymous",
            "Actions": [
              {
                "Action": "Read",
                "Fields": null,
                "Policy": {
                  "Request": null,
                  "Database": null
                }
              },
              {
                "Action": "Update",
                "Fields": null,
                "Policy": {
                  "Request": null,
                  "Database": null
                }
              }
            ]
          }
        ],
        "Mappings": null,
        "Relationships": null
      }
    }
  ]
}
