{
  "Schema": "https://github.com/Azure/data-api-builder/releases/download/vmajor.minor.patch/dab.draft.schema.json",
  "DataSource": {
    "DatabaseType": "MSSQL",
    "ConnectionString": "testconnectionstring",
    "Options": {
      "set-session-context": {
        "ValueKind": "True"
      }
    },
    "DatabaseTypeNotSupportedMessage": "The provided database-type value: MSSQL is currently not supported. Please check the configuration file."
  },
  "Runtime": {
    "Rest": {
      "Enabled": true,
      "Path": "/api"
    },
    "GraphQL": {
      "Enabled": true,
      "Path": "/graphql",
      "AllowIntrospection": true
    },
    "Host": {
      "Cors": {
        "Origins": [],
        "AllowCredentials": false
      },
      "Authentication": {
        "Provider": "StaticWebApps",
        "Jwt": {
          "Audience": null,
          "Issuer": null
        }
      },
      "Mode": "Development"
    }
  },
  "Entities": [
    {
      "Key": "MyEntity",
      "Value": {
        "Source": {
          "Object": "s001.book",
          "Type": "Table",
          "Parameters": null,
          "KeyFields": [
            "id",
            "name"
          ]
        },
        "GraphQL": {
          "Singular": "MyEntity",
          "Plural": "MyEntities",
          "Enabled": false,
          "Operation": null
        },
        "Rest": {
          "Methods": [],
          "Path": null,
          "Enabled": false
        },
        "Permissions": [
          {
            "Role": "anonymous",
            "Actions": [
              {
                "Action": "*",
                "Fields": null,
                "Policy": {
                  "Request": null,
                  "Database": null
                }
              }
            ]
          }
        ],
        "Mappings": null,
        "Relationships": null
      }
    }
  ]
}
