{
  "Schema": "https://github.com/Azure/data-api-builder/releases/download/vmajor.minor.patch/dab.draft.schema.json",
  "DataSource": {
    "DatabaseType": "CosmosDB_NoSQL",
    "ConnectionString": "localhost:5000",
    "Options": {
      "database": {
        "ValueKind": "String"
      },
      "container": {
        "ValueKind": "String"
      },
      "schema": {
        "ValueKind": "String"
      }
    },
    "DatabaseTypeNotSupportedMessage": "The provided database-type value: CosmosDB_NoSQL is currently not supported. Please check the configuration file."
  },
  "Runtime": {
    "Rest": {
      "Enabled": true,
      "Path": "/api"
    },
    "GraphQL": {
      "Enabled": true,
      "Path": "/graphql",
      "AllowIntrospection": true
    },
    "Host": {
      "Cors": {
        "Origins": [
          "localhost:3000",
          "www.nolocalhost.com:80"
        ],
        "AllowCredentials": false
      },
      "Authentication": {
        "Provider": "StaticWebApps",
        "Jwt": {
          "Audience": null,
          "Issuer": null
        }
      },
      "Mode": "Production"
    }
  },
  "Entities": []
}
