{
  "Schema": "https://github.com/Azure/data-api-builder/releases/download/vmajor.minor.patch/dab.draft.schema.json",
  "DataSource": {
    "DatabaseType": "MSSQL",
    "ConnectionString": "",
    "Options": {
      "set-session-context": {
        "ValueKind": "False"
      }
    },
    "DatabaseTypeNotSupportedMessage": "The provided database-type value: MSSQL is currently not supported. Please check the configuration file."
  },
  "Runtime": {
    "Rest": {
      "Enabled": true,
      "Path": "/api"
    },
    "GraphQL": {
      "Enabled": true,
      "Path": "/graphql",
      "AllowIntrospection": true
    },
    "Host": {
      "Cors": {
        "Origins": [
          "http://localhost:3000",
          "http://nolocalhost:80"
        ],
        "AllowCredentials": false
      },
      "Authentication": {
        "Provider": "StaticWebApps",
        "Jwt": {
          "Audience": null,
          "Issuer": null
        }
      },
      "Mode": "Development"
    }
  },
  "Entities": []
}
