{
  "Schema": null,
  "DataSource": {
    "DatabaseType": "MSSQL",
    "ConnectionString": "testconnectionstring",
    "Options": {
      "set-session-context": {
        "ValueKind": "True"
      }
    },
    "DatabaseTypeNotSupportedMessage": "The provided database-type value: MSSQL is currently not supported. Please check the configuration file."
  },
  "Runtime": {
    "Rest": {
      "Enabled": true,
      "Path": "/api"
    },
    "GraphQL": {
      "Enabled": true,
      "Path": "/graphql",
      "AllowIntrospection": true
    },
    "Host": {
      "Cors": {
        "Origins": [],
        "AllowCredentials": false
      },
      "Authentication": {
        "Provider": "StaticWebApps",
        "Jwt": null
      },
      "Mode": "Development"
    }
  },
  "Entities": [
    {
      "Key": "MyEntity",
      "Value": {
        "Source": {
          "Object": "MyTable",
          "Type": "Table",
          "Parameters": null,
          "KeyFields": []
        },
        "GraphQL": {
          "Singular": "MyEntity",
          "Plural": "MyEntities",
          "Enabled": true,
          "Operation": null
        },
        "Rest": {
          "Methods": [],
          "Path": null,
          "Enabled": true
        },
        "Permissions": [
          {
            "Role": "anonymous",
            "Actions": [
              {
                "Action": "Delete",
                "Fields": {
                  "Exclude": [
                    "level",
                    "rating"
                  ],
                  "Include": [
                    "*"
                  ]
                },
                "Policy": {
                  "Request": "@claims.name eq 'dab'",
                  "Database": "@claims.id eq @item.id"
                }
              }
            ]
          }
        ],
        "Mappings": null,
        "Relationships": null
      }
    }
  ]
}
