{
  "Cors": {
    "Origins": [],
    "AllowCredentials": false
  },
  "Authentication": {
    "Provider": "StaticWebApps",
            "Jwt": {
          "Audience": null,
          "Issuer": null
        }
  },
  "Mode": "Development"
}
